// Jest Snapshot v1, https://goo.gl/fbAQLP

exports[`render Dashboard component renders snapshot 1`] = `ShallowWrapper {}`;
